Microchip MPLAB XC8 Compiler V2.41

Linker command line:

-W-3 \
  --edf=C:\Program Files\Microchip\xc8\v2.41\pic\dat\20230208172133_en.msgs \
  -cn -h+dist/default/production\Car_black_box.X.production.sym \
  --cmf=dist/default/production\Car_black_box.X.production.cmf -z -Q18F4580 \
  -oC:\Users\91970\AppData\Local\Temp\xcAsffc.\driver_tmp_3.o \
  --defsym=__MPLAB_BUILD=1 --fixupoverflow=error \
  -Mdist/default/production/Car_black_box.X.production.map \
  --md=C:\Users\91970\AppData\Local\Temp\xcAsffc.\driver_tmp_0.dat -E1 \
  -ver=XC8 Compiler --acfsm=1493 -ACODE=00h-03000h -ACONST=00h-03000h \
  -ASMALLCONST=0600h-06FFhx42,03000h-03000h -AMEDIUMCONST=0600h-03000h \
  -ACOMRAM=01h-05Fh -AABS1=00h-05FFh -ABIGRAM=01h-05FFh \
  -ARAM=060h-0FFh,0100h-01FFhx5 -ABANK0=060h-0FFh -ABANK1=0100h-01FFh \
  -ABANK2=0200h-02FFh -ABANK3=0300h-03FFh -ABANK4=0400h-04FFh \
  -ABANK5=0500h-05FFh -ASFR=0D00h-0DFFhx2,0F00h-0F5Fh,0F60h-0FFFh \
  -ABIGSFR=0D00h-0FFFh -ACONFIG=0300000h-030000Dh -AIDLOC=0200000h-0200007h \
  -AEEDATA=0F00000h-0F000FFh -peeprom_data=EEDATA \
  -preset_vec=00h,intcode,intcodelo,powerup,init -pramtop=0600h \
  -psmallconst=SMALLCONST -pmediumconst=MEDIUMCONST -pconst=CONST \
  -AFARRAM=00h-00h \
  -prdata=COMRAM,nvrram=COMRAM,nvbit=COMRAM,rbss=COMRAM,rbit=COMRAM \
  -pfarbss=FARRAM,fardata=FARRAM,nvFARRAM=FARRAM \
  -pintsave_regs=BIGRAM,bigbss=BIGRAM,bigdata=BIGRAM -pbss=RAM \
  -pidata=CODE,irdata=CODE,ibigdata=CODE,ifardata=CODE -prparam=COMRAM \
  C:\Users\91970\AppData\Local\Temp\xcAsffc.\driver_tmp_9.o \
  dist/default/production\Car_black_box.X.production.o 

Object code version is 3.11

Machine type is 18F4580



                Name                               Link     Load   Length Selector   Space Scale
C:\Users\91970\AppData\Local\Temp\xcAsffc.\driver_tmp_9.o
                idloc                            200000   200000        8        0       5
                config                           300000   300000        E        0       4
                init                                  0        0        4        0       0
dist/default/production\Car_black_box.X.production.o
                idloc                            200000   200000        8        0       5
                config                           300000   300000        E        0       4
                mediumconst                        2EC8     2EC8      138     1764       0
                text43                             129E     129E       3A      94F       0
                text42                             14C8     14C8       6C      A64       0
                text41                             17FE     17FE       B0      BFF       0
                text40                             16B2     16B2       A4      B59       0
                text39                             162A     162A       88      B15       0
                text38                             10E0     10E0       12      870       0
                text37                             10A8     10A8        8      854       0
                text36                             10B0     10B0        8      858       0
                text35                             10C8     10C8        C      864       0
                text34                             12D8     12D8       40      96C       0
                text33                             1F2A     1F2A      19E      F95       0
                text32                             1B46     1B46      110      DA3       0
                text31                             13FA     13FA       64      9FD       0
                text30                             112C     112C       18      896       0
                text29                             1C56     1C56      13C      E2B       0
                text28                             145E     145E       6A      A2F       0
                text27                             1318     1318       46      98C       0
                text26                             1972     1972       CC      CB9       0
                text25                             10F2     10F2       12      879       0
                text24                             11EE     11EE       26      8F7       0
                text23                             1144     1144       18      8A2       0
                text22                             1268     1268       36      934       0
                text21                             1D92     1D92      198      EC9       0
                text20                             11AE     11AE       20      8D7       0
                text19                             1756     1756       A8      BAB       0
                text18                             10A2     10A2        6      851       0
                text17                             10B8     10B8        8      85C       0
                text16                             10D4     10D4        C      86A       0
                text15                             10C0     10C0        8      860       0
                text14                             1214     1214       2A      90A       0
                text13                             1190     1190       1E      8C8       0
                text12                             135E     135E       48      9AF       0
                text11                             1116     1116       16      88B       0
                text10                             1104     1104       12      882       0
                text9                              11CE     11CE       20      8E7       0
                text8                              115C     115C       1A      8AE       0
                text7                              1A3E     1A3E      108      D1F       0
                text6                              1534     1534       76      A9A       0
                text5                              18AE     18AE       C4      C57       0
                text4                              15AA     15AA       80      AD5       0
                text3                              28AA     28AA      61E     1455       0
                text2                              123E     123E       2A      91F       0
                text1                              24B2     24B2      3F8     1259       0
                text0                              20C8     20C8      3EA     1064       0
                cstackCOMRAM                         37       37       24        1       1
                bssBANK1                            100      100       96      100       1
                dataBANK0                            60       60       1A       60       1
                dataCOMRAM                           5B       5B        1        1       1
                bssCOMRAM                             1        1       36        1       1
                cinit                              13A6     13A6       54      9D3       0
                idataBANK0                         1176     1176       1A     1176       0
                idataCOMRAM                        3000     3000        1     3000       0

TOTAL           Name                               Link     Load   Length     Space
        CLASS   CODE           
                init                                  0        0        4         0
                text43                             129E     129E       3A         0
                text42                             14C8     14C8       6C         0
                text41                             17FE     17FE       B0         0
                text40                             16B2     16B2       A4         0
                text39                             162A     162A       88         0
                text38                             10E0     10E0       12         0
                text37                             10A8     10A8        8         0
                text36                             10B0     10B0        8         0
                text35                             10C8     10C8        C         0
                text34                             12D8     12D8       40         0
                text33                             1F2A     1F2A      19E         0
                text32                             1B46     1B46      110         0
                text31                             13FA     13FA       64         0
                text30                             112C     112C       18         0
                text29                             1C56     1C56      13C         0
                text28                             145E     145E       6A         0
                text27                             1318     1318       46         0
                text26                             1972     1972       CC         0
                text25                             10F2     10F2       12         0
                text24                             11EE     11EE       26         0
                text23                             1144     1144       18         0
                text22                             1268     1268       36         0
                text21                             1D92     1D92      198         0
                text20                             11AE     11AE       20         0
                text19                             1756     1756       A8         0
                text18                             10A2     10A2        6         0
                text17                             10B8     10B8        8         0
                text16                             10D4     10D4        C         0
                text15                             10C0     10C0        8         0
                text14                             1214     1214       2A         0
                text13                             1190     1190       1E         0
                text12                             135E     135E       48         0
                text11                             1116     1116       16         0
                text10                             1104     1104       12         0
                text9                              11CE     11CE       20         0
                text8                              115C     115C       1A         0
                text7                              1A3E     1A3E      108         0
                text6                              1534     1534       76         0
                text5                              18AE     18AE       C4         0
                text4                              15AA     15AA       80         0
                text3                              28AA     28AA      61E         0
                text2                              123E     123E       2A         0
                text1                              24B2     24B2      3F8         0
                text0                              20C8     20C8      3EA         0
                cinit                              13A6     13A6       54         0
                idataBANK0                         1176     1176       1A         0
                idataCOMRAM                        3000     3000        1         0

        CLASS   CONST          

        CLASS   SMALLCONST     

        CLASS   MEDIUMCONST    
                mediumconst                        2EC8     2EC8      138         0

        CLASS   COMRAM         
                cstackCOMRAM                         37       37       24         1
                dataCOMRAM                           5B       5B        1         1
                bssCOMRAM                             1        1       36         1

        CLASS   ABS1           

        CLASS   BIGRAM         

        CLASS   RAM            

        CLASS   BANK0          
                dataBANK0                            60       60       1A         1

        CLASS   BANK1          
                bssBANK1                            100      100       96         1

        CLASS   BANK2          

        CLASS   BANK3          

        CLASS   BANK4          

        CLASS   BANK5          

        CLASS   SFR            

        CLASS   BIGSFR         

        CLASS   CONFIG         
                config                           300000   300000        E         4

        CLASS   IDLOC          
                idloc                            200000   200000        8         5

        CLASS   EEDATA         

        CLASS   FARRAM         

        CLASS   HEAP           

        CLASS   STACK          



SEGMENTS        Name                           Load    Length   Top    Selector   Space  Class

                reset_vec                      000000  000004  000004         0       0  CODE    
                bssCOMRAM                      000001  00005B  00005C         1       1  COMRAM  
                dataBANK0                      000060  00001A  00007A        60       1  BANK0   
                bssBANK1                       000100  000096  000196       100       1  BANK1   
                text18                         0010A2  000006  0010A8       851       0  CODE    
                text37                         0010A8  000008  0010B0       854       0  CODE    
                text36                         0010B0  000008  0010B8       858       0  CODE    
                text17                         0010B8  000008  0010C0       85C       0  CODE    
                text15                         0010C0  000008  0010C8       860       0  CODE    
                text35                         0010C8  00000C  0010D4       864       0  CODE    
                text16                         0010D4  00000C  0010E0       86A       0  CODE    
                text38                         0010E0  000012  0010F2       870       0  CODE    
                text25                         0010F2  000012  001104       879       0  CODE    
                text10                         001104  000012  001116       882       0  CODE    
                text11                         001116  000016  00112C       88B       0  CODE    
                text30                         00112C  000018  001144       896       0  CODE    
                text23                         001144  000018  00115C       8A2       0  CODE    
                text8                          00115C  00001A  001176       8AE       0  CODE    
                idataBANK0                     001176  00001A  001190      1176       0  CODE    
                text13                         001190  00001E  0011AE       8C8       0  CODE    
                text20                         0011AE  000020  0011CE       8D7       0  CODE    
                text9                          0011CE  000020  0011EE       8E7       0  CODE    
                text24                         0011EE  000026  001214       8F7       0  CODE    
                text14                         001214  00002A  00123E       90A       0  CODE    
                text2                          00123E  00002A  001268       91F       0  CODE    
                text22                         001268  000036  00129E       934       0  CODE    
                text43                         00129E  00003A  0012D8       94F       0  CODE    
                text34                         0012D8  000040  001318       96C       0  CODE    
                text27                         001318  000046  00135E       98C       0  CODE    
                text12                         00135E  000048  0013A6       9AF       0  CODE    
                cinit                          0013A6  000054  0013FA       9D3       0  CODE    
                text31                         0013FA  000064  00145E       9FD       0  CODE    
                text28                         00145E  00006A  0014C8       A2F       0  CODE    
                text42                         0014C8  00006C  001534       A64       0  CODE    
                text6                          001534  000076  0015AA       A9A       0  CODE    
                text4                          0015AA  000080  00162A       AD5       0  CODE    
                text39                         00162A  000088  0016B2       B15       0  CODE    
                text40                         0016B2  0000A4  001756       B59       0  CODE    
                text19                         001756  0000A8  0017FE       BAB       0  CODE    
                text41                         0017FE  0000B0  0018AE       BFF       0  CODE    
                text5                          0018AE  0000C4  001972       C57       0  CODE    
                text26                         001972  0000CC  001A3E       CB9       0  CODE    
                text7                          001A3E  000108  001B46       D1F       0  CODE    
                text32                         001B46  000110  001C56       DA3       0  CODE    
                text29                         001C56  00013C  001D92       E2B       0  CODE    
                text21                         001D92  000198  001F2A       EC9       0  CODE    
                text33                         001F2A  00019E  0020C8       F95       0  CODE    
                text0                          0020C8  0003EA  0024B2      1064       0  CODE    
                text1                          0024B2  0003F8  0028AA      1259       0  CODE    
                text3                          0028AA  00061E  002EC8      1455       0  CODE    
                mediumconst                    002EC8  000138  003000      1764       0  MEDIUMCO
                idataCOMRAM                    003000  000001  003001      3000       0  CODE    


UNUSED ADDRESS RANGES

        Name                Unused          Largest block    Delta
        BANK0            00007A-0000FF               86
        BANK1            000196-0001FF               6A
        BANK2            000200-0002FF              100
        BANK3            000300-0003FF              100
        BANK4            000400-0004FF              100
        BANK5            000500-0005FF              100
        BIGRAM           00005C-00005F                4
                         00007A-0000FF               86
                         000196-0005FF              46A
        BIGSFR           000D00-000FFF              300
        CODE             000004-0010A1             109E
        COMRAM           00005C-00005F                4
        CONST            000004-0010A1             109E
        EEDATA           F00000-F000FF              100
        MEDIUMCONST      000600-0010A1              AA2
        RAM              00007A-0000FF               86
                         000196-0005FF              100
        SFR              000D00-000FFF              100
        SMALLCONST       000600-0010A1              100

                                  Symbol Table

?___awdiv                      cstackCOMRAM 000037
?___awmod                      cstackCOMRAM 000037
?___lldiv                      cstackCOMRAM 000043
?___llmod                      cstackCOMRAM 000037
?___lmul                       cstackCOMRAM 000037
?___wmul                       cstackCOMRAM 000037
?_read_adc                     cstackCOMRAM 000037
_ACKDT                         (abs)        007E2D
_ACKEN                         (abs)        007E2C
_ACKSTAT                       (abs)        007E2E
_ACQT0                         (abs)        007E03
_ACQT1                         (abs)        007E04
_ACQT2                         (abs)        007E05
_ADCON0                        (abs)        000FC2
_ADCON1                        (abs)        000FC1
_ADCS0                         (abs)        007E00
_ADCS1                         (abs)        007E01
_ADCS2                         (abs)        007E02
_ADFM                          (abs)        007E07
_ADON                          (abs)        007E10
_ADRESH                        (abs)        000FC4
_ADRESL                        (abs)        000FC3
_BCLIF                         (abs)        007D0B
_BRG16                         (abs)        007DC3
_BRGH                          (abs)        007D62
_CKE                           (abs)        007E3E
_CREN                          (abs)        007D5C
_GO                            (abs)        007E11
_GODONE                        (abs)        007E11
_PEN                           (abs)        007E2A
_PORTB                         (abs)        000F81
_PORTBbits                     (abs)        000F81
_PORTD                         (abs)        000F83
_RBPU                          (abs)        007F8F
_RC0                           (abs)        007C10
_RC1                           (abs)        007C11
_RC2                           (abs)        007C12
_RCEN                          (abs)        007E2B
_RCIF                          (abs)        007CF5
_RCREG                         (abs)        000FAE
_RD7                           (abs)        007C1F
_RSEN                          (abs)        007E29
_RX9                           (abs)        007D5E
_SEN                           (abs)        007E28
_SENDB                         (abs)        007D63
_SMP                           (abs)        007E3F
_SPBRG                         (abs)        000FAF
_SPEN                          (abs)        007D5F
_SSPADD                        (abs)        000FC8
_SSPBUF                        (abs)        000FC9
_SSPCON1                       (abs)        000FC6
_SSPIF                         (abs)        007CF3
_SYNC                          (abs)        007D64
_TRISB                         (abs)        000F93
_TRISC                         (abs)        000F94
_TRISC3                        (abs)        007CA3
_TRISC4                        (abs)        007CA4
_TRISC6                        (abs)        007CA6
_TRISC7                        (abs)        007CA7
_TRISD                         (abs)        000F95
_TRISD7                        (abs)        007CAF
_TX9                           (abs)        007D66
_TXEN                          (abs)        007D65
_TXIF                          (abs)        007CF4
_TXREG                         (abs)        000FAD
_VCFG0                         (abs)        007E0C
_VCFG1                         (abs)        007E0D
__HRAM                         (abs)        000000
__H__absolute__                __absolute__ 000000
__Habs1                        abs1         000000
__Hbank0                       bank0        000000
__Hbank1                       bank1        000000
__Hbank2                       bank2        000000
__Hbank3                       bank3        000000
__Hbank4                       bank4        000000
__Hbank5                       bank5        000000
__Hbigbss                      bigbss       000000
__Hbigdata                     bigdata      000000
__Hbigram                      bigram       000000
__Hbigsfr                      bigsfr       000000
__Hbss                         bss          000000
__HbssBANK1                    bssBANK1     000000
__HbssCOMRAM                   bssCOMRAM    000000
__Hcinit                       cinit        000000
__Hclrtext                     clrtext      000000
__Hcomram                      comram       000000
__Hconfig                      config       30000E
__Hconst                       const        000000
__HcstackCOMRAM                cstackCOMRAM 000000
__Hdata                        data         000000
__HdataBANK0                   dataBANK0    000000
__HdataCOMRAM                  dataCOMRAM   000000
__Heeprom_data                 eeprom_data  000000
__Hfarbss                      farbss       000000
__Hfardata                     fardata      000000
__Hheap                        heap         000000
__Hibigdata                    ibigdata     000000
__Hidata                       idata        000000
__HidataBANK0                  idataBANK0   000000
__HidataCOMRAM                 idataCOMRAM  000000
__Hidloc                       idloc        200008
__Hifardata                    ifardata     000000
__Hinit                        init         000004
__Hintcode                     intcode      000000
__Hintcode_body                intcode_body 000000
__Hintcodelo                   intcodelo    000000
__Hintentry                    intentry     000000
__Hintret                      intret       000000
__Hintsave_regs                intsave_regs 000000
__Hirdata                      irdata       000000
__Hmediumconst                 mediumconst  003000
__HnvFARRAM                    nvFARRAM     000000
__Hnvbit                       nvbit        000000
__Hnvrram                      nvrram       000000
__Hparam                       rparam       000000
__Hpowerup                     powerup      000000
__Hram                         ram          000000
__Hramtop                      ramtop       000600
__Hrbit                        rbit         000000
__Hrbss                        rbss         000000
__Hrdata                       rdata        000000
__Hreset_vec                   reset_vec    000000
__Hrparam                      rparam       000000
__Hsfr                         sfr          000000
__Hsmallconst                  smallconst   000000
__Hspace_0                     (abs)        003001
__Hspace_1                     (abs)        000196
__Hspace_2                     (abs)        000000
__Hspace_4                     (abs)        60000E
__Hstack                       stack        000000
__Hstruct                      struct       000000
__Htemp                        temp         000000
__Htext                        text         000000
__Htext0                       text0        000000
__Htext1                       text1        000000
__Htext10                      text10       000000
__Htext11                      text11       000000
__Htext12                      text12       000000
__Htext13                      text13       000000
__Htext14                      text14       000000
__Htext15                      text15       000000
__Htext16                      text16       000000
__Htext17                      text17       000000
__Htext18                      text18       000000
__Htext19                      text19       000000
__Htext2                       text2        000000
__Htext20                      text20       000000
__Htext21                      text21       000000
__Htext22                      text22       000000
__Htext23                      text23       000000
__Htext24                      text24       000000
__Htext25                      text25       000000
__Htext26                      text26       000000
__Htext27                      text27       000000
__Htext28                      text28       000000
__Htext29                      text29       000000
__Htext3                       text3        000000
__Htext30                      text30       000000
__Htext31                      text31       000000
__Htext32                      text32       000000
__Htext33                      text33       000000
__Htext34                      text34       000000
__Htext35                      text35       000000
__Htext36                      text36       000000
__Htext37                      text37       000000
__Htext38                      text38       000000
__Htext39                      text39       000000
__Htext4                       text4        000000
__Htext40                      text40       000000
__Htext41                      text41       000000
__Htext42                      text42       000000
__Htext43                      text43       000000
__Htext5                       text5        000000
__Htext6                       text6        000000
__Htext7                       text7        000000
__Htext8                       text8        000000
__Htext9                       text9        000000
__LRAM                         (abs)        000001
__L__absolute__                __absolute__ 000000
__Labs1                        abs1         000000
__Lbank0                       bank0        000000
__Lbank1                       bank1        000000
__Lbank2                       bank2        000000
__Lbank3                       bank3        000000
__Lbank4                       bank4        000000
__Lbank5                       bank5        000000
__Lbigbss                      bigbss       000000
__Lbigdata                     bigdata      000000
__Lbigram                      bigram       000000
__Lbigsfr                      bigsfr       000000
__Lbss                         bss          000000
__LbssBANK1                    bssBANK1     000000
__LbssCOMRAM                   bssCOMRAM    000000
__Lcinit                       cinit        000000
__Lclrtext                     clrtext      000000
__Lcomram                      comram       000000
__Lconfig                      config       000000
__Lconst                       const        000000
__LcstackCOMRAM                cstackCOMRAM 000000
__Ldata                        data         000000
__LdataBANK0                   dataBANK0    000000
__LdataCOMRAM                  dataCOMRAM   000000
__Leeprom_data                 eeprom_data  000000
__Lfarbss                      farbss       000000
__Lfardata                     fardata      000000
__Lheap                        heap         000000
__Libigdata                    ibigdata     000000
__Lidata                       idata        000000
__LidataBANK0                  idataBANK0   000000
__LidataCOMRAM                 idataCOMRAM  000000
__Lidloc                       idloc        000000
__Lifardata                    ifardata     000000
__Linit                        init         000000
__Lintcode                     intcode      000000
__Lintcode_body                intcode_body 000000
__Lintcodelo                   intcodelo    000000
__Lintentry                    intentry     000000
__Lintret                      intret       000000
__Lintsave_regs                intsave_regs 000000
__Lirdata                      irdata       000000
__Lmediumconst                 mediumconst  002EC8
__LnvFARRAM                    nvFARRAM     000000
__Lnvbit                       nvbit        000000
__Lnvrram                      nvrram       000000
__Lparam                       rparam       000000
__Lpowerup                     powerup      000000
__Lram                         ram          000000
__Lramtop                      ramtop       000600
__Lrbit                        rbit         000000
__Lrbss                        rbss         000000
__Lrdata                       rdata        000000
__Lreset_vec                   reset_vec    000000
__Lrparam                      rparam       000000
__Lsfr                         sfr          000000
__Lsmallconst                  smallconst   000000
__Lspace_0                     (abs)        000000
__Lspace_1                     (abs)        000000
__Lspace_2                     (abs)        000000
__Lspace_4                     (abs)        000000
__Lstack                       stack        000000
__Lstruct                      struct       000000
__Ltemp                        temp         000000
__Ltext                        text         000000
__Ltext0                       text0        000000
__Ltext1                       text1        000000
__Ltext10                      text10       000000
__Ltext11                      text11       000000
__Ltext12                      text12       000000
__Ltext13                      text13       000000
__Ltext14                      text14       000000
__Ltext15                      text15       000000
__Ltext16                      text16       000000
__Ltext17                      text17       000000
__Ltext18                      text18       000000
__Ltext19                      text19       000000
__Ltext2                       text2        000000
__Ltext20                      text20       000000
__Ltext21                      text21       000000
__Ltext22                      text22       000000
__Ltext23                      text23       000000
__Ltext24                      text24       000000
__Ltext25                      text25       000000
__Ltext26                      text26       000000
__Ltext27                      text27       000000
__Ltext28                      text28       000000
__Ltext29                      text29       000000
__Ltext3                       text3        000000
__Ltext30                      text30       000000
__Ltext31                      text31       000000
__Ltext32                      text32       000000
__Ltext33                      text33       000000
__Ltext34                      text34       000000
__Ltext35                      text35       000000
__Ltext36                      text36       000000
__Ltext37                      text37       000000
__Ltext38                      text38       000000
__Ltext39                      text39       000000
__Ltext4                       text4        000000
__Ltext40                      text40       000000
__Ltext41                      text41       000000
__Ltext42                      text42       000000
__Ltext43                      text43       000000
__Ltext5                       text5        000000
__Ltext6                       text6        000000
__Ltext7                       text7        000000
__Ltext8                       text8        000000
__Ltext9                       text9        000000
__S0                           (abs)        003001
__S1                           (abs)        000196
__S4                           (abs)        000000
__S5                           (abs)        000000
___awdiv                       text5        0018AE
___awdiv@counter               cstackCOMRAM 00003B
___awdiv@dividend              cstackCOMRAM 000037
___awdiv@divisor               cstackCOMRAM 000039
___awdiv@quotient              cstackCOMRAM 00003D
___awdiv@sign                  cstackCOMRAM 00003C
___awmod                       text41       0017FE
___awmod@counter               cstackCOMRAM 00003B
___awmod@dividend              cstackCOMRAM 000037
___awmod@divisor               cstackCOMRAM 000039
___awmod@sign                  cstackCOMRAM 00003C
___heap_hi                     (abs)        000000
___heap_lo                     (abs)        000000
___inthi_sp                    stack        000000
___intlo_sp                    stack        000000
___lldiv                       text40       0016B2
___lldiv@counter               cstackCOMRAM 00004F
___lldiv@dividend              cstackCOMRAM 000043
___lldiv@divisor               cstackCOMRAM 000047
___lldiv@quotient              cstackCOMRAM 00004B
___llmod                       text39       00162A
___llmod@counter               cstackCOMRAM 00003F
___llmod@dividend              cstackCOMRAM 000037
___llmod@divisor               cstackCOMRAM 00003B
___lmul                        text28       00145E
___lmul@multiplicand           cstackCOMRAM 00003B
___lmul@multiplier             cstackCOMRAM 000037
___lmul@product                cstackCOMRAM 00003F
___param_bank                  (abs)        000000
___rparam_used                 (abs)        000001
___sp                          stack        000000
___wmul                        text24       0011EE
___wmul@multiplicand           cstackCOMRAM 000039
___wmul@multiplier             cstackCOMRAM 000037
___wmul@product                cstackCOMRAM 00003B
__accesstop                    (abs)        000060
__activetblptr                 (abs)        000002
__end_of___awdiv               text5        001972
__end_of___awmod               text41       0018AE
__end_of___lldiv               text40       001756
__end_of___llmod               text39       0016B2
__end_of___lmul                text28       0014C8
__end_of___wmul                text24       001214
__end_of__initialization       cinit        0013F0
__end_of_check_matrix_keypad   text32       001C56
__end_of_clcd_print            text42       001534
__end_of_clcd_putch            text30       001144
__end_of_clcd_write            text43       0012D8
__end_of_clear_logs            text31       00145E
__end_of_display_menu          text29       001D92
__end_of_display_speed         text26       001A3E
__end_of_display_time          text25       001104
__end_of_download_logs         text21       001F2A
__end_of_get_time              text4        00162A
__end_of_i2c_idle              text38       0010F2
__end_of_i2c_no_ack            text18       0010A8
__end_of_i2c_read              text16       0010E0
__end_of_i2c_rep_start         text15       0010C8
__end_of_i2c_rx_mode           text17       0010C0
__end_of_i2c_start             text37       0010B0
__end_of_i2c_stop              text36       0010B8
__end_of_i2c_write             text35       0010D4
__end_of_init_adc              text20       0011CE
__end_of_init_clcd             text19       0017FE
__end_of_init_config           text8        001176
__end_of_init_ds1307           text12       0013A6
__end_of_init_i2c              text11       00112C
__end_of_init_matrix_keypad    text10       001116
__end_of_init_uart             text9        0011EE
__end_of_log_event             text33       0020C8
__end_of_main                  text0        0024B2
__end_of_putch                 text23       00115C
__end_of_puts                  text22       00129E
__end_of_read_adc              text27       00135E
__end_of_read_ds1307           text14       00123E
__end_of_read_external_eeprom  text2        001268
__end_of_read_switches         text6        0015AA
__end_of_scan_key              text7        001B46
__end_of_set_time              text3        002EC8
__end_of_view_log              text1        0028AA
__end_of_write_ds1307          text13       0011AE
__end_of_write_external_eeprom text34       001318
__initialization               cinit        0013A6
__mediumconst                  mediumconst  002EC8
__pbssBANK1                    bssBANK1     000100
__pbssCOMRAM                   bssCOMRAM    000001
__pcinit                       cinit        0013A6
__pcstackCOMRAM                cstackCOMRAM 000037
__pdataBANK0                   dataBANK0    000060
__pdataCOMRAM                  dataCOMRAM   00005B
__pidataBANK0                  idataBANK0   001176
__pidataCOMRAM                 idataCOMRAM  003000
__pmediumconst                 mediumconst  002EC8
__ptext0                       text0        0020C8
__ptext1                       text1        0024B2
__ptext10                      text10       001104
__ptext11                      text11       001116
__ptext12                      text12       00135E
__ptext13                      text13       001190
__ptext14                      text14       001214
__ptext15                      text15       0010C0
__ptext16                      text16       0010D4
__ptext17                      text17       0010B8
__ptext18                      text18       0010A2
__ptext19                      text19       001756
__ptext2                       text2        00123E
__ptext20                      text20       0011AE
__ptext21                      text21       001D92
__ptext22                      text22       001268
__ptext23                      text23       001144
__ptext24                      text24       0011EE
__ptext25                      text25       0010F2
__ptext26                      text26       001972
__ptext27                      text27       001318
__ptext28                      text28       00145E
__ptext29                      text29       001C56
__ptext3                       text3        0028AA
__ptext30                      text30       00112C
__ptext31                      text31       0013FA
__ptext32                      text32       001B46
__ptext33                      text33       001F2A
__ptext34                      text34       0012D8
__ptext35                      text35       0010C8
__ptext36                      text36       0010B0
__ptext37                      text37       0010A8
__ptext38                      text38       0010E0
__ptext39                      text39       00162A
__ptext4                       text4        0015AA
__ptext40                      text40       0016B2
__ptext41                      text41       0017FE
__ptext42                      text42       0014C8
__ptext43                      text43       00129E
__ptext5                       text5        0018AE
__ptext6                       text6        001534
__ptext7                       text7        001A3E
__ptext8                       text8        00115C
__ptext9                       text9        0011CE
__ramtop                       ramtop       000600
__smallconst                   smallconst   000000
_arr                           dataBANK0    000060
_check_matrix_keypad           text32       001B46
_clcd_print                    text42       0014C8
_clcd_putch                    text30       00112C
_clcd_write                    text43       00129E
_clear_logs                    text31       0013FA
_clock_reg                     bssCOMRAM    000009
_count                         bssCOMRAM    000020
_delay                         bssCOMRAM    000001
_display_menu                  text29       001C56
_display_speed                 text26       001972
_display_time                  text25       0010F2
_download_logs                 text21       001D92
_eeprom_address                bssCOMRAM    00001A
_event_count                   bssCOMRAM    00001E
_feild                         bssCOMRAM    00002C
_flag                          bssCOMRAM    000022
_get_time                      text4        0015AA
_hrs                           bssCOMRAM    00002B
_i                             bssCOMRAM    000016
_i2c_idle                      text38       0010E0
_i2c_no_ack                    text18       0010A2
_i2c_read                      text16       0010D4
_i2c_rep_start                 text15       0010C0
_i2c_rx_mode                   text17       0010B8
_i2c_start                     text37       0010A8
_i2c_stop                      text36       0010B0
_i2c_write                     text35       0010C8
_index                         bssCOMRAM    000024
_init_adc                      text20       0011AE
_init_clcd                     text19       001756
_init_config                   text8        00115C
_init_ds1307                   text12       00135E
_init_i2c                      text11       001116
_init_matrix_keypad            text10       001104
_init_uart                     text9        0011CE
_key                           bssCOMRAM    00002D
_log_event                     text33       001F2A
_main                          text0        0020C8
_menu                          dataBANK0    000072
_menu_cnt                      bssCOMRAM    000018
_menu_flag                     bssCOMRAM    00001C
_mins                          bssCOMRAM    00002A
_putch                         text23       001144
_puts                          text22       001268
_read_adc                      text27       001318
_read_ds1307                   text14       001214
_read_external_eeprom          text2        00123E
_read_switches                 text6        001534
_s_flag                        bssCOMRAM    000026
_scan_key                      text7        001A3E
_secs                          bssCOMRAM    000029
_set_time                      text3        0028AA
_speed                         bssCOMRAM    000005
_start_index                   bssCOMRAM    000012
_time                          bssCOMRAM    00002E
_time_v                        bssBANK1     000100
_view_log                      text1        0024B2
_write_ds1307                  text13       001190
_write_external_eeprom         text34       0012D8
clcd_print@addr                cstackCOMRAM 00003F
clcd_print@data                cstackCOMRAM 00003D
clcd_putch@addr                cstackCOMRAM 000050
clcd_putch@data                cstackCOMRAM 000051
clcd_write@byte                cstackCOMRAM 000038
clcd_write@control_bit         cstackCOMRAM 000037
clear_logs@addr                cstackCOMRAM 000054
display_speed@adc_val          cstackCOMRAM 000052
download_logs@i                cstackCOMRAM 000044
download_logs@j                cstackCOMRAM 000042
end_of_initialization          cinit        0013F0
i2c_write@data                 cstackCOMRAM 000037
init_ds1307@dummy              cstackCOMRAM 000041
intlevel0                      text         000000
intlevel1                      text         000000
intlevel2                      text         000000
intlevel3                      text         000000
isa$std                        (abs)        000001
isa$xinst                      (abs)        000000
log_event@i                    cstackCOMRAM 000056
putch@byte                     cstackCOMRAM 000037
puts@s                         cstackCOMRAM 000038
read_adc@channel               cstackCOMRAM 00003D
read_adc@reg_val               cstackCOMRAM 00003B
read_ds1307@address            cstackCOMRAM 000038
read_ds1307@data               cstackCOMRAM 000039
read_external_eeprom@address   cstackCOMRAM 000038
read_external_eeprom@data      cstackCOMRAM 000039
read_switches@detection_type   cstackCOMRAM 000037
read_switches@key              bssCOMRAM    000028
read_switches@once             dataCOMRAM   00005B
stackhi                        (abs)        000000
stacklo                        (abs)        000000
start                          init         000000
start_initialization           cinit        0013A6
view_log@entry_index           cstackCOMRAM 000055
view_log@i                     cstackCOMRAM 000057
view_log@view_address          bssCOMRAM    00000E
view_log@view_flag             bssCOMRAM    00000C
write_ds1307@address           cstackCOMRAM 000040
write_ds1307@data              cstackCOMRAM 00003F
write_external_eeprom@address  cstackCOMRAM 000053
write_external_eeprom@data     cstackCOMRAM 000050
write_external_eeprom@wait     cstackCOMRAM 000051


MODULE INFORMATION

Module		Function		Class		Link	Load	Size
C:\Program Files\Microchip\xc8\v2.41\pic\sources\c99\common\awmod.c
		___awmod       		CODE           	17FE	0000	176

C:\Program Files\Microchip\xc8\v2.41\pic\sources\c99\common\awmod.c estimated size: 176

C:\Program Files\Microchip\xc8\v2.41\pic\sources\c99\common\llmod.c
		___llmod       		CODE           	162A	0000	136

C:\Program Files\Microchip\xc8\v2.41\pic\sources\c99\common\llmod.c estimated size: 136

C:\Program Files\Microchip\xc8\v2.41\pic\sources\c99\common\Umul32.c
		___lmul        		CODE           	145E	0000	106

C:\Program Files\Microchip\xc8\v2.41\pic\sources\c99\common\Umul32.c estimated size: 106

matrix_keypad.c
		_init_matrix_keypad		CODE           	1104	0000	18
		_read_switches 		CODE           	1534	0000	118
		_scan_key      		CODE           	1A3E	0000	264

matrix_keypad.c estimated size: 400

uart.c
		_putch         		CODE           	1144	0000	24
		_init_uart     		CODE           	11CE	0000	32
		_puts          		CODE           	1268	0000	54

uart.c estimated size: 110

C:\Program Files\Microchip\xc8\v2.41\pic\sources\c99\common\__lldiv.c
		___lldiv       		CODE           	16B2	0000	164

C:\Program Files\Microchip\xc8\v2.41\pic\sources\c99\common\__lldiv.c estimated size: 164

i2c.c
		_i2c_start     		CODE           	10A8	0000	8
		_i2c_no_ack    		CODE           	10A2	0000	6
		_i2c_rep_start 		CODE           	10C0	0000	8
		_i2c_idle      		CODE           	10E0	0000	18
		_i2c_write     		CODE           	10C8	0000	12
		_i2c_stop      		CODE           	10B0	0000	8
		_i2c_read      		CODE           	10D4	0000	12
		_init_i2c      		CODE           	1116	0000	22
		_i2c_rx_mode   		CODE           	10B8	0000	8

i2c.c estimated size: 102

C:\Program Files\Microchip\xc8\v2.41\pic\sources\c99\common\awdiv.c
		___awdiv       		CODE           	18AE	0000	196

C:\Program Files\Microchip\xc8\v2.41\pic\sources\c99\common\awdiv.c estimated size: 196

ds1307.c
		_read_ds1307   		CODE           	1214	0000	42
		_write_ds1307  		CODE           	1190	0000	30
		_init_ds1307   		CODE           	135E	0000	72

ds1307.c estimated size: 144

adc.c
		_init_adc      		CODE           	11AE	0000	32
		_read_adc      		CODE           	1318	0000	70

adc.c estimated size: 102

external_eeprom.c
		_write_external_eeprom		CODE           	12D8	0000	64
		_read_external_eeprom		CODE           	123E	0000	42

external_eeprom.c estimated size: 106

shared
		__initialization		CODE           	13A6	0000	74

shared estimated size: 74

clcd.c
		_clcd_write    		CODE           	129E	0000	58
		_clcd_print    		CODE           	14C8	0000	108
		_clcd_putch    		CODE           	112C	0000	24
		_init_clcd     		CODE           	1756	0000	168

clcd.c estimated size: 358

C:\Program Files\Microchip\xc8\v2.41\pic\sources\c99\common\Umul16.c
		___wmul        		CODE           	11EE	0000	38

C:\Program Files\Microchip\xc8\v2.41\pic\sources\c99\common\Umul16.c estimated size: 38

main.c
		_view_log      		CODE           	24B2	0000	1016
		_check_matrix_keypad		CODE           	1B46	0000	272
		_display_time  		CODE           	10F2	0000	18
		_display_menu  		CODE           	1C56	0000	316
		_main          		CODE           	20C8	0000	1002
		_display_speed 		CODE           	1972	0000	204
		_get_time      		CODE           	15AA	0000	128
		_log_event     		CODE           	1F2A	0000	414
		_set_time      		CODE           	28AA	0000	1566
		_clear_logs    		CODE           	13FA	0000	100
		_download_logs 		CODE           	1D92	0000	408
		_init_config   		CODE           	115C	0000	26

main.c estimated size: 5470

